module_01.c:1:9: warning: ‘_GNU_SOURCE’ redefined
    1 | #define _GNU_SOURCE
      |         ^~~~~~~~~~~
<command-line>: note: this is the location of the previous definition
module_02.c:1:9: warning: ‘_GNU_SOURCE’ redefined
    1 | #define _GNU_SOURCE
      |         ^~~~~~~~~~~
<command-line>: note: this is the location of the previous definition
module_03.c:1:9: warning: ‘_GNU_SOURCE’ redefined
    1 | #define _GNU_SOURCE
      |         ^~~~~~~~~~~
<command-line>: note: this is the location of the previous definition
module_04.c:1:9: warning: ‘_GNU_SOURCE’ redefined
    1 | #define _GNU_SOURCE
      |         ^~~~~~~~~~~
<command-line>: note: this is the location of the previous definition
module_05.c:1:9: warning: ‘_GNU_SOURCE’ redefined
    1 | #define _GNU_SOURCE
      |         ^~~~~~~~~~~
<command-line>: note: this is the location of the previous definition
module_06.c:1:9: warning: ‘_GNU_SOURCE’ redefined
    1 | #define _GNU_SOURCE
      |         ^~~~~~~~~~~
<command-line>: note: this is the location of the previous definition
module_07.c:1:9: warning: ‘_GNU_SOURCE’ redefined
    1 | #define _GNU_SOURCE
      |         ^~~~~~~~~~~
<command-line>: note: this is the location of the previous definition
module_08.c:1:9: warning: ‘_GNU_SOURCE’ redefined
    1 | #define _GNU_SOURCE
      |         ^~~~~~~~~~~
<command-line>: note: this is the location of the previous definition
module_09.c:1:9: warning: ‘_GNU_SOURCE’ redefined
    1 | #define _GNU_SOURCE
      |         ^~~~~~~~~~~
<command-line>: note: this is the location of the previous definition
module_09.c:164:12: warning: ‘launcher_emit_u32’ defined but not used [-Wunused-function]
  164 | static int launcher_emit_u32(struct launcher_buf *buf, uint32_t value)
      |            ^~~~~~~~~~~~~~~~~
module_09.c:122:12: warning: ‘launcher_append_u64’ defined but not used [-Wunused-function]
  122 | static int launcher_append_u64(struct launcher_buf *buf, uint64_t value)
      |            ^~~~~~~~~~~~~~~~~~~
module_10.c:1:9: warning: ‘_GNU_SOURCE’ redefined
    1 | #define _GNU_SOURCE
      |         ^~~~~~~~~~~
<command-line>: note: this is the location of the previous definition
module_11.c:1:9: warning: ‘_GNU_SOURCE’ redefined
    1 | #define _GNU_SOURCE
      |         ^~~~~~~~~~~
<command-line>: note: this is the location of the previous definition
