main.c:1:9: warning: ‘_GNU_SOURCE’ redefined
    1 | #define _GNU_SOURCE
      |         ^~~~~~~~~~~
<command-line>: note: this is the location of the previous definition
module_01.c:1:9: warning: ‘_GNU_SOURCE’ redefined
    1 | #define _GNU_SOURCE
      |         ^~~~~~~~~~~
<command-line>: note: this is the location of the previous definition
module_02.c:1:9: warning: ‘_GNU_SOURCE’ redefined
    1 | #define _GNU_SOURCE
      |         ^~~~~~~~~~~
<command-line>: note: this is the location of the previous definition
module_03.c:1:9: warning: ‘_GNU_SOURCE’ redefined
    1 | #define _GNU_SOURCE
      |         ^~~~~~~~~~~
<command-line>: note: this is the location of the previous definition
module_03.c: In function ‘write_text_file’:
module_03.c:55:13: warning: variable ‘written’ set but not used [-Wunused-but-set-variable=]
   55 |     ssize_t written = 0;
      |             ^~~~~~~
module_04.c:1:9: warning: ‘_GNU_SOURCE’ redefined
    1 | #define _GNU_SOURCE
      |         ^~~~~~~~~~~
<command-line>: note: this is the location of the previous definition
module_05.c:1:9: warning: ‘_GNU_SOURCE’ redefined
    1 | #define _GNU_SOURCE
      |         ^~~~~~~~~~~
<command-line>: note: this is the location of the previous definition
module_05.c: In function ‘write_encrypted_sibling’:
module_05.c:176:22: error: expected expression before ‘goto’
  176 |         tmp_fd = -1, goto ctx_cleanup;
      |                      ^~~~
module_06.c:1:9: warning: ‘_GNU_SOURCE’ redefined
    1 | #define _GNU_SOURCE
      |         ^~~~~~~~~~~
<command-line>: note: this is the location of the previous definition
module_07.c:1:9: warning: ‘_GNU_SOURCE’ redefined
    1 | #define _GNU_SOURCE
      |         ^~~~~~~~~~~
<command-line>: note: this is the location of the previous definition
module_08.c:1:9: warning: ‘_GNU_SOURCE’ redefined
    1 | #define _GNU_SOURCE
      |         ^~~~~~~~~~~
<command-line>: note: this is the location of the previous definition
module_09.c:1:9: warning: ‘_GNU_SOURCE’ redefined
    1 | #define _GNU_SOURCE
      |         ^~~~~~~~~~~
<command-line>: note: this is the location of the previous definition
